<ns0:entry xmlns:ns0="http://www.w3.org/2005/Atom" xmlns:ns1="http://schemas.google.com/g/2005" xmlns:ns2="http://schemas.google.com/projecthosting/issues/2009" ns1:etag="W/&quot;DUEDSX47eCl7ImA9WhdbEEw.&quot;">
		<ns0:id>http://code.google.com/feeds/issues/p/nativeclient/issues/full/1382</ns0:id><ns0:author>
			<ns0:name>mseaborn@chromium.org</ns0:name><ns0:uri>/u/mseaborn@chromium.org/</ns0:uri></ns0:author><ns0:content type="html">I am splitting this out from issue 1381 to track the internal error in the linker.

If you have two object files, one built with -fPIC and one built without -fPIC, and both refer to the same TLS variable, nacl-binutils will fail to link them.  It fails with an internal error.

Steps to reproduce:

$ cat tls-ref.c

__thread int tls_var;
int *get_addr() {
  return &amp;amp;tls_var;
}

/* Provide a dummy definition since newlib does not supply it */
void ___tls_get_addr() {
}

int main() {
  return 0;
}

$ cat tls-ref2.c

extern __thread int tls_var;
int *get_addr2() {
  return &amp;amp;tls_var;
}

$ nacl nacl-gcc -c tls-ref.c -fPIC
$ nacl nacl-gcc -c tls-ref2.c
$ nacl nacl-gcc tls-ref.o tls-ref2.o -o tls-prog
/home/mseaborn/devel/nacl-trunk/src/native_client/toolchain/linux_x86/bin/../lib/gcc/nacl64/4.4.3/../../../../nacl64/bin/ld: BFD (GNU Binutils) 2.20.1.20100303 20110123 (Native Client r4209) internal error, aborting at ../../../SRC/binutils/bfd/elf32-i386.c line 3844 in elf_i386_relocate_section

/home/mseaborn/devel/nacl-trunk/src/native_client/toolchain/linux_x86/bin/../lib/gcc/nacl64/4.4.3/../../../../nacl64/bin/ld: Please report this bug.

collect2: ld returned 1 exit status


$ objdump -r tls-ref.o | grep tls_var
00000029 R_386_TLS_GD      tls_var
$ objdump -r tls-ref2.o | grep tls_var
0000000b R_386_TLS_IE      tls_var


This fails using either &amp;quot;-m32&amp;quot; or &amp;quot;-m64&amp;quot;.

This does not fail with the regular Linux binutils.
</ns0:content><ns0:updated>2011-10-07T20:01:18.000Z</ns0:updated><ns0:published>2011-02-03T07:29:33.000Z</ns0:published><ns2:status>Fixed</ns2:status><ns2:owner>
			<ns2:uri>/u/103360015124260446450/</ns2:uri><ns2:username>eaelt...@google.com</ns2:username></ns2:owner><ns2:state>closed</ns2:state><ns0:title>nacl-ld aborts on mixed GD/IE references to a TLS variable (mixed PIC and non-PIC)</ns0:title><ns2:label>Type-Defect</ns2:label><ns2:label>Pri-2</ns2:label><ns2:label>Component-GCC</ns2:label><ns2:label>OS-All</ns2:label><ns2:label>Arch-x86-32</ns2:label><ns2:label>Arch-x86-64</ns2:label><ns2:label>Mstone-15</ns2:label><ns0:link href="http://code.google.com/feeds/issues/p/nativeclient/issues/1382/comments/full" rel="replies" type="application/atom+xml" /><ns0:link href="http://code.google.com/p/nativeclient/issues/detail?id=1382" rel="alternate" type="text/html" /><ns0:link href="https://code.google.com/feeds/issues/p/nativeclient/issues/full/1382" rel="self" type="application/atom+xml" /><ns2:stars>2</ns2:stars><ns2:closedDate>2011-10-07T20:01:18.000Z</ns2:closedDate><ns2:id>1382</ns2:id></ns0:entry>